// Jest Snapshot v1, https://goo.gl/fbAQLP

exports[`<Loader /> should render 1`] = `
<span
  className="loader"
>
  <span
    className="left"
  >
    <span
      className="anim"
    />
  </span>
  <span
    className="right"
  >
    <span
      className="anim"
    />
  </span>
</span>
`;
